// Jest Snapshot v1, https://goo.gl/fbAQLP

exports[`Main Page Component Main Page component 1`] = `
<div
  className="StyledBox-sc-13pk1d4-0 chkvLT"
/>
`;
